[
    {
        "function": "copy_name",
        "metrics": {
            "block_count": 1,
            "edge_count": 0
        },
        "analysis": {
            "flow_type": "Simple (Linear)",
            "loop_status": "No Loops"
        }
    },
    {
        "function": "format_string",
        "metrics": {
            "block_count": 1,
            "edge_count": 0
        },
        "analysis": {
            "flow_type": "Simple (Linear)",
            "loop_status": "No Loops"
        }
    },
    {
        "function": "read_from_file",
        "metrics": {
            "block_count": 1,
            "edge_count": 0
        },
        "analysis": {
            "flow_type": "Simple (Linear)",
            "loop_status": "No Loops"
        }
    },
    {
        "function": "process_data",
        "metrics": {
            "block_count": 1,
            "edge_count": 0
        },
        "analysis": {
            "flow_type": "Simple (Linear)",
            "loop_status": "No Loops"
        }
    },
    {
        "function": "append_string",
        "metrics": {
            "block_count": 1,
            "edge_count": 0
        },
        "analysis": {
            "flow_type": "Simple (Linear)",
            "loop_status": "No Loops"
        }
    }
]